 Main                                         │  Side
 ◉ All │ ↑ Pushes │ ⎇ PRs                     │       No local repos found
━━━━━━━┴──────────┴───────                    │
 gitstream                                    │
 Watching: owner/repo-a, owner/repo-b         │
 ○ repo-a  ○ repo-b                           │
                                              │
Time   Repo   Ty… Actor  Detail               │
                                              │
                                              │
                                              │
                                              │
                                              │
                                              │
                                              │
                                              │
                                              │
                                              │
                                              │
 test                                                                      test